commit b250273b7f62c4e56dbb3f38569fc693eb5798fa
Author: sebassabes <sebastian.andres.aracena@gmail.com>
Date:   Tue Nov 3 21:44:05 2020 -0300

    first commit
